Line1
Line2
